...................................XXXXXXX                               [100%]
35 passed, 7 xpassed in 4.11s
